MSAE independent source v10 source-free checks
Date: 2026-09-15
Scope: these v10 checks initiate no v8/v9/v10 raw-byte/private/quarantine/network/model/tokenizer/GPU/scoring/training operation; the process snapshot is informational, not authority evidence.

$ python -c namespace-absence-check
PASS: v10 data namespace absent
PASS: v10 baseline inventory absent
PASS: v10 pre-acquisition authority manifest absent
PASS: v10 source-acquisition record absent

$ PYTHONPYCACHEPREFIX=/tmp/msae-v10-final-pycache-20260915d PYTHONDONTWRITEBYTECODE=1 python -m py_compile [v10 builder/runner/test]
PASS: py_compile (external cache)

$ PYTHONPYCACHEPREFIX=/tmp/msae-v10-final-pycache-20260915d PYTHONDONTWRITEBYTECODE=1 python /tmp/msae_v10_source_free_validate.py
PASS: runtime/config/plan-review/copied-registry-screen/v9-carryover/static/process-snapshot-schema
runtime=3.12.3 unicode=15.0.0
history_input_count=16133 history_inputs_sha256=8070a7cdd536a0dbd6104ff1dfb279ef01fb0acf98e969227625324155227564
carryover_control_count=20 carryover_raw_count=4
process_count=37 forbidden_identity_count=0 status=eligible

$ PYTHONPYCACHEPREFIX=/tmp/msae-v10-final-pycache-20260915d PYTHONDONTWRITEBYTECODE=1 PYTEST_DISABLE_PLUGIN_AUTOLOAD=1 python -m pytest -q -p no:cacheprovider [v4/v4.1/v4.2/v5/v6/v7/v8/v9/v10 source suites]
........................................................................ [  9%]
........................................................................ [ 18%]
........................................................................ [ 27%]
........................................................................ [ 36%]
........................................................................ [ 45%]
........................................................................ [ 54%]
........................................................................ [ 63%]
........................................................................ [ 73%]
........................................................................ [ 82%]
........................................................................ [ 91%]
.....................................................................    [100%]
789 passed in 38.82s

$ git diff --check -- [v10 plan/plan-review/carryover/registry/screen/builder/runner/test/config]
PASS: git diff --check

$ ruff check [v10 builder/runner/test]
NOT RUN: ruff executable is not installed in this environment

$ sha256sum [implementation-review inputs except this containing log]
47a19df3e70f17df63c2ef676877d07bc7e473736977067a3a3e64911a57436e  docs/plan-msae-independent-source-v10.md
572d9d4dc30c29a86ec2f6961080f59cbec0c9e729399e59cc5921f19a9b78c2  reports/adversarial/msae_independent_source_v10_plan_review.md
da13ae40e64c9828b2d08c29b4ff280bac5c71eeb8578a977f953f2169f7585d  reports/provenance/msae_independent_source_v10/v9_carryover_authority.json
3166d09141374506d7d200fa8d630a66e4a790f5a3f2e81778ed522d4a327863  reports/provenance/msae_independent_source_v10/historical_source_registry.json
cdda84035279b78698f98c760c5ce12d5276b9b2afbc8e4218133d8207dccafd  reports/provenance/msae_independent_source_v10/preacquisition_alias_screen.json
637492e7ed4c1836704542deebe19b91ac38101bf6edf060fb4804868a45d088  scripts/prepare_msae_independent_source_v10.py
fac7c739d10d4dcc966235102b173850c5e8e90fa1e035ef8693507228ed8a47  scripts/acquire_msae_independent_source_v10.py
6adc2e1cb251749c175484968d9764f51a0e93fae0bcc76d847508f10a448303  tests/test_prepare_msae_independent_source_v10.py
e1ecf56829419baa397c61bf7919e191955ee57cc397236a6f4f9f36e8e08782  configs/msae_independent_source_v10/acquisition.json
